🚀 Starting Flow 4 Invoice Creation Endpoints Testing
============================================================
✅ PASS Health endpoint

🔐 Starting authentication flow...
📱 Sending OTP to 919007188402...
✅ OTP sent successfully
🔑 Verifying OTP 123456...
✅ OTP verified, got access token
🏗️ Setting up backend session...
✅ Session setup complete: {'organisation_id': 'a0000000-0000-0000-0000-000000000001', 'user_id': 'b0000000-0000-0000-0000-000000000001', 'role': 'owner', 'is_new_user': False}
✅ PASS GET /api/invoice/new

✅ PASS GET /api/products/list

✅ PASS POST /api/invoices

✅ PASS POST /api/invoices/:id/pdf

✅ PASS POST /api/invoices/:id/share (app)

✅ PASS POST /api/invoices/:id/share (whatsapp)

✅ PASS PATCH /api/customer/:id/defaults

============================================================
📊 TEST SUMMARY
============================================================
Total Tests: 8
Passed: 8
Failed: 0
Success Rate: 100.0%
